// Jest Snapshot v1, https://goo.gl/fbAQLP

exports[`Breadcrumb Component snapshot breadcrumb 1`] = `
<div>
  <nav
    aria-label="Breadcrumb"
    class="flex items-center justify-center text-sm text-gray-600 mb-4"
  >
    <div
      class="flex items-center"
    >
      <a
        class="hover:underline hover:text-black font-medium"
        data-discover="true"
        href="/"
      >
        Home
      </a>
    </div>
    <div
      class="flex items-center"
    >
      <svg
        aria-hidden="true"
        class="lucide lucide-chevron-right mx-2 h-4 w-4 text-gray-400"
        fill="none"
        height="24"
        stroke="currentColor"
        stroke-linecap="round"
        stroke-linejoin="round"
        stroke-width="2"
        viewBox="0 0 24 24"
        width="24"
        xmlns="http://www.w3.org/2000/svg"
      >
        <path
          d="m9 18 6-6-6-6"
        />
      </svg>
      <a
        class="hover:underline hover:text-black font-medium"
        data-discover="true"
        href="/dashboard"
      >
        Dashboard
      </a>
    </div>
    <div
      class="flex items-center"
    >
      <svg
        aria-hidden="true"
        class="lucide lucide-chevron-right mx-2 h-4 w-4 text-gray-400"
        fill="none"
        height="24"
        stroke="currentColor"
        stroke-linecap="round"
        stroke-linejoin="round"
        stroke-width="2"
        viewBox="0 0 24 24"
        width="24"
        xmlns="http://www.w3.org/2000/svg"
      >
        <path
          d="m9 18 6-6-6-6"
        />
      </svg>
      <span
        class="text-gray-500 font-medium"
      >
        Current Page
      </span>
    </div>
  </nav>
</div>
`;
