// Jest Snapshot v1, https://goo.gl/fbAQLP

exports[`Button Component snapshot button 1`] = `
<div>
  <button
    class="px-4 py-2 rounded font-medium bg-black text-white hover:bg-zinc-900 focus:ring-black disabled:opacity-50 cursor-pointer"
  >
    Snapshot
  </button>
</div>
`;
