// Jest Snapshot v1, https://goo.gl/fbAQLP

exports[`CardTourGuide Component snapshot card tour guide 1`] = `
<div>
  <a
    class="max-w-sm w-full bg-white rounded-2xl shadow-lg overflow-hidden cursor-pointer transform transition duration-300 hover:scale-105 hover:shadow-2xl"
    data-discover="true"
    href="/users/1"
  >
    <img
      alt="Budi Santoso"
      class="w-full h-48 object-cover"
      src="https://example.com/avatar.jpg"
    />
    <div
      class="p-6 text-center"
    >
      <h2
        class="text-xl font-semibold text-gray-800 group-hover:text-blue-600 transition-colors duration-200"
      >
        Budi
         
        Santoso
      </h2>
      <p
        class="text-sm text-gray-500 mt-1"
      >
        tourguide@mail.com
      </p>
    </div>
  </a>
</div>
`;
