// Jest Snapshot v1, https://goo.gl/fbAQLP

exports[`snapshot test 1`] = `
<div>
  <h1>
    Hello, 
    Dian
    !
  </h1>
</div>
`;
