// Jest Snapshot v1, https://goo.gl/fbAQLP

exports[`HeroSection Component snapshot hero section 1`] = `
<div>
  <div
    class="relative h-screen w-full"
  >
    <div
      class="absolute inset-0 bg-black/50 z-0"
    />
    <div
      class="absolute inset-0 bg-cover bg-center z-[-1]"
      style="background-image: url("https://ik.imagekit.io/tvlk/image/imageResource/2024/06/12/1718188327775-eea839531a5ec5b6b7a784c4e61d1ceb.png?tr=q-75"); background-size: cover; background-position: center; background-repeat: no-repeat;"
    />
    <div
      class="relative z-10 flex flex-col items-center justify-center h-full text-center text-white px-4 max-w-screen-xl mx-auto"
    >
      <h1
        class="text-4xl md:text-5xl font-bold mb-4 drop-shadow-md"
      >
        Ditemenin.
      </h1>
      <p
        class="text-base md:text-lg max-w-xl mb-6 drop-shadow-sm"
      >
        Kemanapun dan kapanpun, mau jalan-jalan dan butuh pendamping? Yuk, klik tombol di bawah ini dan mulai petualanganmu sekarang!
      </p>
      <button
        class="px-4 py-2 rounded font-medium bg-black text-white hover:bg-zinc-900 focus:ring-black disabled:opacity-50 cursor-pointer"
      >
        Lanjutkan
      </button>
    </div>
  </div>
</div>
`;
