// Jest Snapshot v1, https://goo.gl/fbAQLP

exports[`SearchInput Component snapshot search input 1`] = `
<div>
  <div
    class="relative w-full max-w-md"
  >
    <span
      class="absolute inset-y-0 left-0 pl-3 flex items-center pointer-events-none text-gray-400"
    >
      <svg
        aria-hidden="true"
        class="lucide lucide-search"
        fill="none"
        height="18"
        stroke="currentColor"
        stroke-linecap="round"
        stroke-linejoin="round"
        stroke-width="2"
        viewBox="0 0 24 24"
        width="18"
        xmlns="http://www.w3.org/2000/svg"
      >
        <path
          d="m21 21-4.34-4.34"
        />
        <circle
          cx="11"
          cy="11"
          r="8"
        />
      </svg>
    </span>
    <input
      class="w-full pl-10 pr-4 py-2 border border-gray-300 rounded-xl shadow-sm focus:outline-none focus:ring-2 focus:ring-blue-500 focus:border-transparent transition"
      placeholder="Cari..."
      type="text"
      value=""
    />
  </div>
</div>
`;
